2024-06-05T20:16:03.4102247Z Requested labels: ubuntu-latest
2024-06-05T20:16:03.4102565Z Job defined at: jordanblake-dev/automation-scripts/.github/workflows/auto_commit_generated_code.yml@refs/heads/main
2024-06-05T20:16:03.4102663Z Waiting for a runner to pick up this job...
2024-06-05T20:16:04.1110485Z Job is waiting for a hosted runner to come online.
2024-06-05T20:16:07.0065167Z Job is about to start running on the hosted runner: GitHub Actions 5 (hosted)
2024-06-05T20:16:08.8997924Z Current runner version: '2.317.0'
2024-06-05T20:16:08.9028802Z ##[group]Operating System
2024-06-05T20:16:08.9029486Z Ubuntu
2024-06-05T20:16:08.9029993Z 22.04.4
2024-06-05T20:16:08.9030349Z LTS
2024-06-05T20:16:08.9030751Z ##[endgroup]
2024-06-05T20:16:08.9031223Z ##[group]Runner Image
2024-06-05T20:16:08.9031688Z Image: ubuntu-22.04
2024-06-05T20:16:08.9032104Z Version: 20240526.1.0
2024-06-05T20:16:08.9033202Z Included Software: https://github.com/actions/runner-images/blob/ubuntu22/20240526.1/images/ubuntu/Ubuntu2204-Readme.md
2024-06-05T20:16:08.9034710Z Image Release: https://github.com/actions/runner-images/releases/tag/ubuntu22%2F20240526.1
2024-06-05T20:16:08.9035669Z ##[endgroup]
2024-06-05T20:16:08.9036107Z ##[group]Runner Image Provisioner
2024-06-05T20:16:08.9036574Z 2.0.370.1
2024-06-05T20:16:08.9037023Z ##[endgroup]
2024-06-05T20:16:08.9038064Z ##[group]GITHUB_TOKEN Permissions
2024-06-05T20:16:08.9039722Z Contents: read
2024-06-05T20:16:08.9040204Z Metadata: read
2024-06-05T20:16:08.9040866Z Packages: read
2024-06-05T20:16:08.9041354Z ##[endgroup]
2024-06-05T20:16:08.9044603Z Secret source: Actions
2024-06-05T20:16:08.9045369Z Prepare workflow directory
2024-06-05T20:16:08.9666947Z Prepare all required actions
2024-06-05T20:16:08.9823906Z Getting action download info
2024-06-05T20:16:09.1240343Z Download action repository 'actions/checkout@v2' (SHA:ee0669bd1cc54295c223e0bb666b733df41de1c5)
2024-06-05T20:16:09.2528083Z Download action repository 'actions/setup-python@v2' (SHA:e9aba2c848f5ebd159c070c61ea2c4e2b122355e)
2024-06-05T20:16:09.4568118Z Complete job name: generate_code
2024-06-05T20:16:09.5637171Z ##[group]Run actions/checkout@v2
2024-06-05T20:16:09.5637905Z with:
2024-06-05T20:16:09.5638409Z   repository: jordanblake-dev/automation-scripts
2024-06-05T20:16:09.5639300Z   token: ***
2024-06-05T20:16:09.5639718Z   ssh-strict: true
2024-06-05T20:16:09.5640175Z   persist-credentials: true
2024-06-05T20:16:09.5640728Z   clean: true
2024-06-05T20:16:09.5641136Z   fetch-depth: 1
2024-06-05T20:16:09.5641554Z   lfs: false
2024-06-05T20:16:09.5642552Z   submodules: false
2024-06-05T20:16:09.5643028Z   set-safe-directory: true
2024-06-05T20:16:09.5643586Z ##[endgroup]
2024-06-05T20:16:11.4941417Z Syncing repository: jordanblake-dev/automation-scripts
2024-06-05T20:16:11.4999728Z ##[group]Getting Git version info
2024-06-05T20:16:11.5001318Z Working directory is '/home/runner/work/automation-scripts/automation-scripts'
2024-06-05T20:16:11.5033930Z [command]/usr/bin/git version
2024-06-05T20:16:11.5226832Z git version 2.45.1
2024-06-05T20:16:11.5251281Z ##[endgroup]
2024-06-05T20:16:11.5272575Z Temporarily overriding HOME='/home/runner/work/_temp/9732b7f6-4103-435e-a228-880de53e0c24' before making global git config changes
2024-06-05T20:16:11.5274752Z Adding repository directory to the temporary git global config as a safe directory
2024-06-05T20:16:11.5277040Z [command]/usr/bin/git config --global --add safe.directory /home/runner/work/automation-scripts/automation-scripts
2024-06-05T20:16:11.5322760Z Deleting the contents of '/home/runner/work/automation-scripts/automation-scripts'
2024-06-05T20:16:11.5327655Z ##[group]Initializing the repository
2024-06-05T20:16:11.5332185Z [command]/usr/bin/git init /home/runner/work/automation-scripts/automation-scripts
2024-06-05T20:16:11.5420785Z hint: Using 'master' as the name for the initial branch. This default branch name
2024-06-05T20:16:11.5421704Z hint: is subject to change. To configure the initial branch name to use in all
2024-06-05T20:16:11.5422629Z hint: of your new repositories, which will suppress this warning, call:
2024-06-05T20:16:11.5423223Z hint:
2024-06-05T20:16:11.5423789Z hint: 	git config --global init.defaultBranch <name>
2024-06-05T20:16:11.5424308Z hint:
2024-06-05T20:16:11.5424852Z hint: Names commonly chosen instead of 'master' are 'main', 'trunk' and
2024-06-05T20:16:11.5425746Z hint: 'development'. The just-created branch can be renamed via this command:
2024-06-05T20:16:11.5426291Z hint:
2024-06-05T20:16:11.5426687Z hint: 	git branch -m <name>
2024-06-05T20:16:11.5431543Z Initialized empty Git repository in /home/runner/work/automation-scripts/automation-scripts/.git/
2024-06-05T20:16:11.5439493Z [command]/usr/bin/git remote add origin https://github.com/jordanblake-dev/automation-scripts
2024-06-05T20:16:11.5485473Z ##[endgroup]
2024-06-05T20:16:11.5486328Z ##[group]Disabling automatic garbage collection
2024-06-05T20:16:11.5489541Z [command]/usr/bin/git config --local gc.auto 0
2024-06-05T20:16:11.5527090Z ##[endgroup]
2024-06-05T20:16:11.5528175Z ##[group]Setting up auth
2024-06-05T20:16:11.5533723Z [command]/usr/bin/git config --local --name-only --get-regexp core\.sshCommand
2024-06-05T20:16:11.5571877Z [command]/usr/bin/git submodule foreach --recursive sh -c "git config --local --name-only --get-regexp 'core\.sshCommand' && git config --local --unset-all 'core.sshCommand' || :"
2024-06-05T20:16:11.5912092Z [command]/usr/bin/git config --local --name-only --get-regexp http\.https\:\/\/github\.com\/\.extraheader
2024-06-05T20:16:11.5949490Z [command]/usr/bin/git submodule foreach --recursive sh -c "git config --local --name-only --get-regexp 'http\.https\:\/\/github\.com\/\.extraheader' && git config --local --unset-all 'http.https://github.com/.extraheader' || :"
2024-06-05T20:16:11.6195513Z [command]/usr/bin/git config --local http.https://github.com/.extraheader AUTHORIZATION: basic ***
2024-06-05T20:16:11.6240215Z ##[endgroup]
2024-06-05T20:16:11.6241354Z ##[group]Fetching the repository
2024-06-05T20:16:11.6250953Z [command]/usr/bin/git -c protocol.version=2 fetch --no-tags --prune --progress --no-recurse-submodules --depth=1 origin +baf7b2ce157d95afc4b34c39f17233104ae29978:refs/remotes/origin/main
2024-06-05T20:16:11.8089787Z remote: Enumerating objects: 7, done.        
2024-06-05T20:16:11.8092404Z remote: Counting objects:  14% (1/7)        
2024-06-05T20:16:11.8093292Z remote: Counting objects:  28% (2/7)        
2024-06-05T20:16:11.8094274Z remote: Counting objects:  42% (3/7)        
2024-06-05T20:16:11.8095100Z remote: Counting objects:  57% (4/7)        
2024-06-05T20:16:11.8095903Z remote: Counting objects:  71% (5/7)        
2024-06-05T20:16:11.8096907Z remote: Counting objects:  85% (6/7)        
2024-06-05T20:16:11.8097656Z remote: Counting objects: 100% (7/7)        
2024-06-05T20:16:11.8098425Z remote: Counting objects: 100% (7/7), done.        
2024-06-05T20:16:11.8099099Z remote: Compressing objects:  16% (1/6)        
2024-06-05T20:16:11.8099664Z remote: Compressing objects:  33% (2/6)        
2024-06-05T20:16:11.8100579Z remote: Compressing objects:  50% (3/6)        
2024-06-05T20:16:11.8101135Z remote: Compressing objects:  66% (4/6)        
2024-06-05T20:16:11.8101813Z remote: Compressing objects:  83% (5/6)        
2024-06-05T20:16:11.8102509Z remote: Compressing objects: 100% (6/6)        
2024-06-05T20:16:11.8103149Z remote: Compressing objects: 100% (6/6), done.        
2024-06-05T20:16:11.8104347Z remote: Total 7 (delta 0), reused 4 (delta 0), pack-reused 0        
2024-06-05T20:16:11.8172389Z From https://github.com/jordanblake-dev/automation-scripts
2024-06-05T20:16:11.8173385Z  * [new ref]         baf7b2ce157d95afc4b34c39f17233104ae29978 -> origin/main
2024-06-05T20:16:11.8206180Z ##[endgroup]
2024-06-05T20:16:11.8206861Z ##[group]Determining the checkout info
2024-06-05T20:16:11.8208503Z ##[endgroup]
2024-06-05T20:16:11.8209242Z ##[group]Checking out the ref
2024-06-05T20:16:11.8213290Z [command]/usr/bin/git checkout --progress --force -B main refs/remotes/origin/main
2024-06-05T20:16:11.8265791Z Switched to a new branch 'main'
2024-06-05T20:16:11.8269632Z branch 'main' set up to track 'origin/main'.
2024-06-05T20:16:11.8274243Z ##[endgroup]
2024-06-05T20:16:11.8325597Z [command]/usr/bin/git log -1 --format='%H'
2024-06-05T20:16:11.8359681Z 'baf7b2ce157d95afc4b34c39f17233104ae29978'
2024-06-05T20:16:11.8706521Z ##[group]Run actions/setup-python@v2
2024-06-05T20:16:11.8706994Z with:
2024-06-05T20:16:11.8707438Z   python-version: 3.x
2024-06-05T20:16:11.8707992Z   token: ***
2024-06-05T20:16:11.8708350Z ##[endgroup]
2024-06-05T20:16:11.9985970Z Successfully setup CPython (3.12.3)
2024-06-05T20:16:12.0117004Z ##[group]Run pip install openai PyGithub
2024-06-05T20:16:12.0117707Z [36;1mpip install openai PyGithub[0m
2024-06-05T20:16:12.0198346Z shell: /usr/bin/bash -e {0}
2024-06-05T20:16:12.0198742Z env:
2024-06-05T20:16:12.0199192Z   pythonLocation: /opt/hostedtoolcache/Python/3.12.3/x64
2024-06-05T20:16:12.0199927Z   LD_LIBRARY_PATH: /opt/hostedtoolcache/Python/3.12.3/x64/lib
2024-06-05T20:16:12.0200483Z ##[endgroup]
2024-06-05T20:16:15.4977917Z Collecting openai
2024-06-05T20:16:15.5529244Z   Downloading openai-1.31.1-py3-none-any.whl.metadata (21 kB)
2024-06-05T20:16:15.6116660Z Collecting PyGithub
2024-06-05T20:16:15.6189414Z   Downloading PyGithub-2.3.0-py3-none-any.whl.metadata (3.8 kB)
2024-06-05T20:16:15.6682979Z Collecting anyio<5,>=3.5.0 (from openai)
2024-06-05T20:16:15.6756012Z   Downloading anyio-4.4.0-py3-none-any.whl.metadata (4.6 kB)
2024-06-05T20:16:15.6992372Z Collecting distro<2,>=1.7.0 (from openai)
2024-06-05T20:16:15.7062961Z   Downloading distro-1.9.0-py3-none-any.whl.metadata (6.8 kB)
2024-06-05T20:16:15.7512538Z Collecting httpx<1,>=0.23.0 (from openai)
2024-06-05T20:16:15.7584531Z   Downloading httpx-0.27.0-py3-none-any.whl.metadata (7.2 kB)
2024-06-05T20:16:15.9072865Z Collecting pydantic<3,>=1.9.0 (from openai)
2024-06-05T20:16:15.9152003Z   Downloading pydantic-2.7.3-py3-none-any.whl.metadata (108 kB)
2024-06-05T20:16:15.9265762Z      â”â”â”â”â”â”â”â”â”â”â”â”â”â”â”â”â”â”â”â”â”â”â”â”â”â”â”â”â”â”â”â”â”â”â”â”â”â” 109.0/109.0 kB 11.8 MB/s eta 0:00:00
2024-06-05T20:16:15.9508063Z Collecting sniffio (from openai)
2024-06-05T20:16:15.9576912Z   Downloading sniffio-1.3.1-py3-none-any.whl.metadata (3.9 kB)
2024-06-05T20:16:16.0322745Z Collecting tqdm>4 (from openai)
2024-06-05T20:16:16.0396905Z   Downloading tqdm-4.66.4-py3-none-any.whl.metadata (57 kB)
2024-06-05T20:16:16.0443961Z      â”â”â”â”â”â”â”â”â”â”â”â”â”â”â”â”â”â”â”â”â”â”â”â”â”â”â”â”â”â”â”â”â”â”â”â”â”â”â”â” 57.6/57.6 kB 18.5 MB/s eta 0:00:00
2024-06-05T20:16:16.0800905Z Collecting typing-extensions<5,>=4.7 (from openai)
2024-06-05T20:16:16.0875146Z   Downloading typing_extensions-4.12.1-py3-none-any.whl.metadata (3.0 kB)
2024-06-05T20:16:16.1276154Z Collecting pynacl>=1.4.0 (from PyGithub)
2024-06-05T20:16:16.1353594Z   Downloading PyNaCl-1.5.0-cp36-abi3-manylinux_2_17_x86_64.manylinux2014_x86_64.manylinux_2_24_x86_64.whl.metadata (8.6 kB)
2024-06-05T20:16:16.1888504Z Collecting requests>=2.14.0 (from PyGithub)
2024-06-05T20:16:16.1962174Z   Downloading requests-2.32.3-py3-none-any.whl.metadata (4.6 kB)
2024-06-05T20:16:16.2308186Z Collecting pyjwt>=2.4.0 (from pyjwt[crypto]>=2.4.0->PyGithub)
2024-06-05T20:16:16.2380138Z   Downloading PyJWT-2.8.0-py3-none-any.whl.metadata (4.2 kB)
2024-06-05T20:16:16.3013860Z Collecting urllib3>=1.26.0 (from PyGithub)
2024-06-05T20:16:16.3088996Z   Downloading urllib3-2.2.1-py3-none-any.whl.metadata (6.4 kB)
2024-06-05T20:16:16.3424600Z Collecting Deprecated (from PyGithub)
2024-06-05T20:16:16.3495159Z   Downloading Deprecated-1.2.14-py2.py3-none-any.whl.metadata (5.4 kB)
2024-06-05T20:16:16.3931555Z Collecting idna>=2.8 (from anyio<5,>=3.5.0->openai)
2024-06-05T20:16:16.4003778Z   Downloading idna-3.7-py3-none-any.whl.metadata (9.9 kB)
2024-06-05T20:16:16.4461655Z Collecting certifi (from httpx<1,>=0.23.0->openai)
2024-06-05T20:16:16.4532659Z   Downloading certifi-2024.6.2-py3-none-any.whl.metadata (2.2 kB)
2024-06-05T20:16:16.4911884Z Collecting httpcore==1.* (from httpx<1,>=0.23.0->openai)
2024-06-05T20:16:16.4983219Z   Downloading httpcore-1.0.5-py3-none-any.whl.metadata (20 kB)
2024-06-05T20:16:16.5275339Z Collecting h11<0.15,>=0.13 (from httpcore==1.*->httpx<1,>=0.23.0->openai)
2024-06-05T20:16:16.5349548Z   Downloading h11-0.14.0-py3-none-any.whl.metadata (8.2 kB)
2024-06-05T20:16:16.5671354Z Collecting annotated-types>=0.4.0 (from pydantic<3,>=1.9.0->openai)
2024-06-05T20:16:16.5741387Z   Downloading annotated_types-0.7.0-py3-none-any.whl.metadata (15 kB)
2024-06-05T20:16:17.1897175Z Collecting pydantic-core==2.18.4 (from pydantic<3,>=1.9.0->openai)
2024-06-05T20:16:17.1974165Z   Downloading pydantic_core-2.18.4-cp312-cp312-manylinux_2_17_x86_64.manylinux2014_x86_64.whl.metadata (6.5 kB)
2024-06-05T20:16:17.4537186Z Collecting cryptography>=3.4.0 (from pyjwt[crypto]>=2.4.0->PyGithub)
2024-06-05T20:16:17.4612975Z   Downloading cryptography-42.0.8-cp39-abi3-manylinux_2_28_x86_64.whl.metadata (5.3 kB)
2024-06-05T20:16:17.5947154Z Collecting cffi>=1.4.1 (from pynacl>=1.4.0->PyGithub)
2024-06-05T20:16:17.6023743Z   Downloading cffi-1.16.0-cp312-cp312-manylinux_2_17_x86_64.manylinux2014_x86_64.whl.metadata (1.5 kB)
2024-06-05T20:16:17.7321070Z Collecting charset-normalizer<4,>=2 (from requests>=2.14.0->PyGithub)
2024-06-05T20:16:17.7397819Z   Downloading charset_normalizer-3.3.2-cp312-cp312-manylinux_2_17_x86_64.manylinux2014_x86_64.whl.metadata (33 kB)
2024-06-05T20:16:17.8936618Z Collecting wrapt<2,>=1.10 (from Deprecated->PyGithub)
2024-06-05T20:16:17.9018188Z   Downloading wrapt-1.16.0-cp312-cp312-manylinux_2_5_x86_64.manylinux1_x86_64.manylinux_2_17_x86_64.manylinux2014_x86_64.whl.metadata (6.6 kB)
2024-06-05T20:16:17.9385491Z Collecting pycparser (from cffi>=1.4.1->pynacl>=1.4.0->PyGithub)
2024-06-05T20:16:17.9454778Z   Downloading pycparser-2.22-py3-none-any.whl.metadata (943 bytes)
2024-06-05T20:16:18.0078599Z Downloading openai-1.31.1-py3-none-any.whl (324 kB)
2024-06-05T20:16:18.0198097Z    â”â”â”â”â”â”â”â”â”â”â”â”â”â”â”â”â”â”â”â”â”â”â”â”â”â”â”â”â”â”â”â”â”â”â”â”â”â”â”â” 324.1/324.1 kB 32.3 MB/s eta 0:00:00
2024-06-05T20:16:18.0287325Z Downloading PyGithub-2.3.0-py3-none-any.whl (354 kB)
2024-06-05T20:16:18.0361199Z    â”â”â”â”â”â”â”â”â”â”â”â”â”â”â”â”â”â”â”â”â”â”â”â”â”â”â”â”â”â”â”â”â”â”â”â”â”â”â”â” 354.4/354.4 kB 66.2 MB/s eta 0:00:00
2024-06-05T20:16:18.0432616Z Downloading anyio-4.4.0-py3-none-any.whl (86 kB)
2024-06-05T20:16:18.0486487Z    â”â”â”â”â”â”â”â”â”â”â”â”â”â”â”â”â”â”â”â”â”â”â”â”â”â”â”â”â”â”â”â”â”â”â”â”â”â”â”â” 86.8/86.8 kB 22.7 MB/s eta 0:00:00
2024-06-05T20:16:18.0563510Z Downloading distro-1.9.0-py3-none-any.whl (20 kB)
2024-06-05T20:16:18.0663123Z Downloading httpx-0.27.0-py3-none-any.whl (75 kB)
2024-06-05T20:16:18.0717447Z    â”â”â”â”â”â”â”â”â”â”â”â”â”â”â”â”â”â”â”â”â”â”â”â”â”â”â”â”â”â”â”â”â”â”â”â”â”â”â”â” 75.6/75.6 kB 18.7 MB/s eta 0:00:00
2024-06-05T20:16:18.0792638Z Downloading httpcore-1.0.5-py3-none-any.whl (77 kB)
2024-06-05T20:16:18.0847033Z    â”â”â”â”â”â”â”â”â”â”â”â”â”â”â”â”â”â”â”â”â”â”â”â”â”â”â”â”â”â”â”â”â”â”â”â”â”â”â”â” 77.9/77.9 kB 19.7 MB/s eta 0:00:00
2024-06-05T20:16:18.0922283Z Downloading pydantic-2.7.3-py3-none-any.whl (409 kB)
2024-06-05T20:16:18.0997470Z    â”â”â”â”â”â”â”â”â”â”â”â”â”â”â”â”â”â”â”â”â”â”â”â”â”â”â”â”â”â”â”â”â”â”â”â”â”â”â”â” 409.6/409.6 kB 71.4 MB/s eta 0:00:00
2024-06-05T20:16:18.1151000Z Downloading pydantic_core-2.18.4-cp312-cp312-manylinux_2_17_x86_64.manylinux2014_x86_64.whl (2.1 MB)
2024-06-05T20:16:18.1368998Z    â”â”â”â”â”â”â”â”â”â”â”â”â”â”â”â”â”â”â”â”â”â”â”â”â”â”â”â”â”â”â”â”â”â”â”â”â”â”â”â” 2.1/2.1 MB 104.5 MB/s eta 0:00:00
2024-06-05T20:16:18.1452714Z Downloading PyJWT-2.8.0-py3-none-any.whl (22 kB)
2024-06-05T20:16:18.1562542Z Downloading PyNaCl-1.5.0-cp36-abi3-manylinux_2_17_x86_64.manylinux2014_x86_64.manylinux_2_24_x86_64.whl (856 kB)
2024-06-05T20:16:18.1674229Z    â”â”â”â”â”â”â”â”â”â”â”â”â”â”â”â”â”â”â”â”â”â”â”â”â”â”â”â”â”â”â”â”â”â”â”â”â”â”â”â” 856.7/856.7 kB 90.8 MB/s eta 0:00:00
2024-06-05T20:16:18.1748817Z Downloading requests-2.32.3-py3-none-any.whl (64 kB)
2024-06-05T20:16:18.1820371Z    â”â”â”â”â”â”â”â”â”â”â”â”â”â”â”â”â”â”â”â”â”â”â”â”â”â”â”â”â”â”â”â”â”â”â”â”â”â”â”â” 64.9/64.9 kB 10.9 MB/s eta 0:00:00
2024-06-05T20:16:18.1893894Z Downloading sniffio-1.3.1-py3-none-any.whl (10 kB)
2024-06-05T20:16:18.1998584Z Downloading tqdm-4.66.4-py3-none-any.whl (78 kB)
2024-06-05T20:16:18.2065479Z    â”â”â”â”â”â”â”â”â”â”â”â”â”â”â”â”â”â”â”â”â”â”â”â”â”â”â”â”â”â”â”â”â”â”â”â”â”â”â”â” 78.3/78.3 kB 14.8 MB/s eta 0:00:00
2024-06-05T20:16:18.2138498Z Downloading typing_extensions-4.12.1-py3-none-any.whl (37 kB)
2024-06-05T20:16:18.2239967Z Downloading urllib3-2.2.1-py3-none-any.whl (121 kB)
2024-06-05T20:16:18.2295296Z    â”â”â”â”â”â”â”â”â”â”â”â”â”â”â”â”â”â”â”â”â”â”â”â”â”â”â”â”â”â”â”â”â”â”â”â”â”â”â”â” 121.1/121.1 kB 34.7 MB/s eta 0:00:00
2024-06-05T20:16:18.2372443Z Downloading Deprecated-1.2.14-py2.py3-none-any.whl (9.6 kB)
2024-06-05T20:16:18.2479905Z Downloading annotated_types-0.7.0-py3-none-any.whl (13 kB)
2024-06-05T20:16:18.2584982Z Downloading certifi-2024.6.2-py3-none-any.whl (164 kB)
2024-06-05T20:16:18.2646600Z    â”â”â”â”â”â”â”â”â”â”â”â”â”â”â”â”â”â”â”â”â”â”â”â”â”â”â”â”â”â”â”â”â”â”â”â”â”â”â”â” 164.4/164.4 kB 40.6 MB/s eta 0:00:00
2024-06-05T20:16:18.2744794Z Downloading cffi-1.16.0-cp312-cp312-manylinux_2_17_x86_64.manylinux2014_x86_64.whl (477 kB)
2024-06-05T20:16:18.2826932Z    â”â”â”â”â”â”â”â”â”â”â”â”â”â”â”â”â”â”â”â”â”â”â”â”â”â”â”â”â”â”â”â”â”â”â”â”â”â”â”â” 477.6/477.6 kB 74.9 MB/s eta 0:00:00
2024-06-05T20:16:18.2900437Z Downloading charset_normalizer-3.3.2-cp312-cp312-manylinux_2_17_x86_64.manylinux2014_x86_64.whl (141 kB)
2024-06-05T20:16:18.2954598Z    â”â”â”â”â”â”â”â”â”â”â”â”â”â”â”â”â”â”â”â”â”â”â”â”â”â”â”â”â”â”â”â”â”â”â”â”â”â”â”â” 141.9/141.9 kB 38.5 MB/s eta 0:00:00
2024-06-05T20:16:18.3033857Z Downloading cryptography-42.0.8-cp39-abi3-manylinux_2_28_x86_64.whl (3.9 MB)
2024-06-05T20:16:18.3444398Z    â”â”â”â”â”â”â”â”â”â”â”â”â”â”â”â”â”â”â”â”â”â”â”â”â”â”â”â”â”â”â”â”â”â”â”â”â”â”â”â” 3.9/3.9 MB 99.0 MB/s eta 0:00:00
2024-06-05T20:16:18.3518745Z Downloading idna-3.7-py3-none-any.whl (66 kB)
2024-06-05T20:16:18.3567915Z    â”â”â”â”â”â”â”â”â”â”â”â”â”â”â”â”â”â”â”â”â”â”â”â”â”â”â”â”â”â”â”â”â”â”â”â”â”â”â”â” 66.8/66.8 kB 20.2 MB/s eta 0:00:00
2024-06-05T20:16:18.3640528Z Downloading wrapt-1.16.0-cp312-cp312-manylinux_2_5_x86_64.manylinux1_x86_64.manylinux_2_17_x86_64.manylinux2014_x86_64.whl (87 kB)
2024-06-05T20:16:18.3688368Z    â”â”â”â”â”â”â”â”â”â”â”â”â”â”â”â”â”â”â”â”â”â”â”â”â”â”â”â”â”â”â”â”â”â”â”â”â”â”â”â” 87.3/87.3 kB 28.0 MB/s eta 0:00:00
2024-06-05T20:16:18.3759105Z Downloading h11-0.14.0-py3-none-any.whl (58 kB)
2024-06-05T20:16:18.3803186Z    â”â”â”â”â”â”â”â”â”â”â”â”â”â”â”â”â”â”â”â”â”â”â”â”â”â”â”â”â”â”â”â”â”â”â”â”â”â”â”â” 58.3/58.3 kB 19.6 MB/s eta 0:00:00
2024-06-05T20:16:18.3874307Z Downloading pycparser-2.22-py3-none-any.whl (117 kB)
2024-06-05T20:16:18.3930348Z    â”â”â”â”â”â”â”â”â”â”â”â”â”â”â”â”â”â”â”â”â”â”â”â”â”â”â”â”â”â”â”â”â”â”â”â”â”â”â”â” 117.6/117.6 kB 29.9 MB/s eta 0:00:00
2024-06-05T20:16:18.5502676Z Installing collected packages: wrapt, urllib3, typing-extensions, tqdm, sniffio, pyjwt, pycparser, idna, h11, distro, charset-normalizer, certifi, annotated-types, requests, pydantic-core, httpcore, Deprecated, cffi, anyio, pynacl, pydantic, httpx, cryptography, openai, PyGithub
2024-06-05T20:16:20.7073151Z Successfully installed Deprecated-1.2.14 PyGithub-2.3.0 annotated-types-0.7.0 anyio-4.4.0 certifi-2024.6.2 cffi-1.16.0 charset-normalizer-3.3.2 cryptography-42.0.8 distro-1.9.0 h11-0.14.0 httpcore-1.0.5 httpx-0.27.0 idna-3.7 openai-1.31.1 pycparser-2.22 pydantic-2.7.3 pydantic-core-2.18.4 pyjwt-2.8.0 pynacl-1.5.0 requests-2.32.3 sniffio-1.3.1 tqdm-4.66.4 typing-extensions-4.12.1 urllib3-2.2.1 wrapt-1.16.0
2024-06-05T20:16:21.1067518Z ##[group]Run python generate_and_push_code.py
2024-06-05T20:16:21.1068210Z [36;1mpython generate_and_push_code.py[0m
2024-06-05T20:16:21.1128495Z shell: /usr/bin/bash -e {0}
2024-06-05T20:16:21.1129023Z env:
2024-06-05T20:16:21.1129456Z   pythonLocation: /opt/hostedtoolcache/Python/3.12.3/x64
2024-06-05T20:16:21.1130111Z   LD_LIBRARY_PATH: /opt/hostedtoolcache/Python/3.12.3/x64/lib
2024-06-05T20:16:21.1131005Z   OPENAI_API_KEY: ***
2024-06-05T20:16:21.1131584Z   MY_GITHUB_TOKEN: ***
2024-06-05T20:16:21.1132083Z   BOT_EMAIL: ***
2024-06-05T20:16:21.1132494Z   BOT_EMAIL_PASSWORD: ***
2024-06-05T20:16:21.1132888Z ##[endgroup]
2024-06-05T20:16:22.0303615Z Traceback (most recent call last):
2024-06-05T20:16:22.0312946Z   File "/home/runner/work/automation-scripts/automation-scripts/generate_and_push_code.py", line 55, in <module>
2024-06-05T20:16:22.0314584Z     generated_code = generate_code(code_prompt)
2024-06-05T20:16:22.0315627Z                      ^^^^^^^^^^^^^^^^^^^^^^^^^^
2024-06-05T20:16:22.0317280Z   File "/home/runner/work/automation-scripts/automation-scripts/generate_and_push_code.py", line 44, in generate_code
2024-06-05T20:16:22.0318694Z     response = openai.ChatCompletion.create(
2024-06-05T20:16:22.0319387Z                ^^^^^^^^^^^^^^^^^^^^^^^^^^^^^
2024-06-05T20:16:22.0320858Z   File "/opt/hostedtoolcache/Python/3.12.3/x64/lib/python3.12/site-packages/openai/lib/_old_api.py", line 39, in __call__
2024-06-05T20:16:22.0322477Z     raise APIRemovedInV1(symbol=self._symbol)
2024-06-05T20:16:22.0323192Z openai.lib._old_api.APIRemovedInV1: 
2024-06-05T20:16:22.0323756Z 
2024-06-05T20:16:22.0325033Z You tried to access openai.ChatCompletion, but this is no longer supported in openai>=1.0.0 - see the README at https://github.com/openai/openai-python for the API.
2024-06-05T20:16:22.0326329Z 
2024-06-05T20:16:22.0327000Z You can run `openai migrate` to automatically upgrade your codebase to use the 1.0.0 interface. 
2024-06-05T20:16:22.0327837Z 
2024-06-05T20:16:22.0328449Z Alternatively, you can pin your installation to the old version, e.g. `pip install openai==0.28`
2024-06-05T20:16:22.0329406Z 
2024-06-05T20:16:22.0330182Z A detailed migration guide is available here: https://github.com/openai/openai-python/discussions/742
2024-06-05T20:16:22.0331057Z 
2024-06-05T20:16:22.0942141Z ##[error]Process completed with exit code 1.
2024-06-05T20:16:22.1030511Z Post job cleanup.
2024-06-05T20:16:22.2061662Z [command]/usr/bin/git version
2024-06-05T20:16:22.2115472Z git version 2.45.1
2024-06-05T20:16:22.2160016Z Temporarily overriding HOME='/home/runner/work/_temp/94f740a7-ba7d-4247-a1b3-9bda1f316a07' before making global git config changes
2024-06-05T20:16:22.2162506Z Adding repository directory to the temporary git global config as a safe directory
2024-06-05T20:16:22.2166438Z [command]/usr/bin/git config --global --add safe.directory /home/runner/work/automation-scripts/automation-scripts
2024-06-05T20:16:22.2208761Z [command]/usr/bin/git config --local --name-only --get-regexp core\.sshCommand
2024-06-05T20:16:22.2249078Z [command]/usr/bin/git submodule foreach --recursive sh -c "git config --local --name-only --get-regexp 'core\.sshCommand' && git config --local --unset-all 'core.sshCommand' || :"
2024-06-05T20:16:22.2511404Z [command]/usr/bin/git config --local --name-only --get-regexp http\.https\:\/\/github\.com\/\.extraheader
2024-06-05T20:16:22.2542494Z http.https://github.com/.extraheader
2024-06-05T20:16:22.2552146Z [command]/usr/bin/git config --local --unset-all http.https://github.com/.extraheader
2024-06-05T20:16:22.2593440Z [command]/usr/bin/git submodule foreach --recursive sh -c "git config --local --name-only --get-regexp 'http\.https\:\/\/github\.com\/\.extraheader' && git config --local --unset-all 'http.https://github.com/.extraheader' || :"
2024-06-05T20:16:22.3104975Z Cleaning up orphan processes
