2024-06-05T20:24:54.2148252Z Requested labels: ubuntu-latest
2024-06-05T20:24:54.2148575Z Job defined at: jordanblake-dev/automation-scripts/.github/workflows/auto_commit_generated_code.yml@refs/heads/main
2024-06-05T20:24:54.2148685Z Waiting for a runner to pick up this job...
2024-06-05T20:24:54.7686273Z Job is waiting for a hosted runner to come online.
2024-06-05T20:24:57.6968365Z Job is about to start running on the hosted runner: GitHub Actions 4 (hosted)
2024-06-05T20:24:59.6808723Z Current runner version: '2.317.0'
2024-06-05T20:24:59.6834245Z ##[group]Operating System
2024-06-05T20:24:59.6834924Z Ubuntu
2024-06-05T20:24:59.6835427Z 22.04.4
2024-06-05T20:24:59.6835778Z LTS
2024-06-05T20:24:59.6836221Z ##[endgroup]
2024-06-05T20:24:59.6836640Z ##[group]Runner Image
2024-06-05T20:24:59.6837100Z Image: ubuntu-22.04
2024-06-05T20:24:59.6837595Z Version: 20240526.1.0
2024-06-05T20:24:59.6838599Z Included Software: https://github.com/actions/runner-images/blob/ubuntu22/20240526.1/images/ubuntu/Ubuntu2204-Readme.md
2024-06-05T20:24:59.6840076Z Image Release: https://github.com/actions/runner-images/releases/tag/ubuntu22%2F20240526.1
2024-06-05T20:24:59.6841018Z ##[endgroup]
2024-06-05T20:24:59.6841392Z ##[group]Runner Image Provisioner
2024-06-05T20:24:59.6841903Z 2.0.370.1
2024-06-05T20:24:59.6842337Z ##[endgroup]
2024-06-05T20:24:59.6843364Z ##[group]GITHUB_TOKEN Permissions
2024-06-05T20:24:59.6845025Z Contents: read
2024-06-05T20:24:59.6845488Z Metadata: read
2024-06-05T20:24:59.6846175Z Packages: read
2024-06-05T20:24:59.6846663Z ##[endgroup]
2024-06-05T20:24:59.6849828Z Secret source: Actions
2024-06-05T20:24:59.6850471Z Prepare workflow directory
2024-06-05T20:24:59.7484759Z Prepare all required actions
2024-06-05T20:24:59.7643466Z Getting action download info
2024-06-05T20:24:59.9295201Z Download action repository 'actions/checkout@v2' (SHA:ee0669bd1cc54295c223e0bb666b733df41de1c5)
2024-06-05T20:25:00.0373183Z Download action repository 'actions/setup-python@v2' (SHA:e9aba2c848f5ebd159c070c61ea2c4e2b122355e)
2024-06-05T20:25:00.2148632Z Complete job name: generate_code
2024-06-05T20:25:00.3335850Z ##[group]Run actions/checkout@v2
2024-06-05T20:25:00.3336521Z with:
2024-06-05T20:25:00.3337162Z   repository: jordanblake-dev/automation-scripts
2024-06-05T20:25:00.3338041Z   token: ***
2024-06-05T20:25:00.3338513Z   ssh-strict: true
2024-06-05T20:25:00.3339067Z   persist-credentials: true
2024-06-05T20:25:00.3339612Z   clean: true
2024-06-05T20:25:00.3340110Z   fetch-depth: 1
2024-06-05T20:25:00.3340572Z   lfs: false
2024-06-05T20:25:00.3341008Z   submodules: false
2024-06-05T20:25:00.3341555Z   set-safe-directory: true
2024-06-05T20:25:00.3342067Z ##[endgroup]
2024-06-05T20:25:00.5763714Z Syncing repository: jordanblake-dev/automation-scripts
2024-06-05T20:25:00.5766451Z ##[group]Getting Git version info
2024-06-05T20:25:00.5767610Z Working directory is '/home/runner/work/automation-scripts/automation-scripts'
2024-06-05T20:25:00.5769139Z [command]/usr/bin/git version
2024-06-05T20:25:00.5770620Z git version 2.45.1
2024-06-05T20:25:00.5795184Z ##[endgroup]
2024-06-05T20:25:00.5811057Z Temporarily overriding HOME='/home/runner/work/_temp/537e12dd-6e38-491e-885a-a6b4d7c52345' before making global git config changes
2024-06-05T20:25:00.5812797Z Adding repository directory to the temporary git global config as a safe directory
2024-06-05T20:25:00.5816155Z [command]/usr/bin/git config --global --add safe.directory /home/runner/work/automation-scripts/automation-scripts
2024-06-05T20:25:00.5864328Z Deleting the contents of '/home/runner/work/automation-scripts/automation-scripts'
2024-06-05T20:25:00.5869494Z ##[group]Initializing the repository
2024-06-05T20:25:00.5873188Z [command]/usr/bin/git init /home/runner/work/automation-scripts/automation-scripts
2024-06-05T20:25:00.5946910Z hint: Using 'master' as the name for the initial branch. This default branch name
2024-06-05T20:25:00.5949591Z hint: is subject to change. To configure the initial branch name to use in all
2024-06-05T20:25:00.5951590Z hint: of your new repositories, which will suppress this warning, call:
2024-06-05T20:25:00.5953297Z hint:
2024-06-05T20:25:00.5954415Z hint: 	git config --global init.defaultBranch <name>
2024-06-05T20:25:00.5955859Z hint:
2024-06-05T20:25:00.5957356Z hint: Names commonly chosen instead of 'master' are 'main', 'trunk' and
2024-06-05T20:25:00.5959487Z hint: 'development'. The just-created branch can be renamed via this command:
2024-06-05T20:25:00.5961041Z hint:
2024-06-05T20:25:00.5962104Z hint: 	git branch -m <name>
2024-06-05T20:25:00.5964375Z Initialized empty Git repository in /home/runner/work/automation-scripts/automation-scripts/.git/
2024-06-05T20:25:00.5966984Z [command]/usr/bin/git remote add origin https://github.com/jordanblake-dev/automation-scripts
2024-06-05T20:25:00.6007157Z ##[endgroup]
2024-06-05T20:25:00.6008836Z ##[group]Disabling automatic garbage collection
2024-06-05T20:25:00.6012559Z [command]/usr/bin/git config --local gc.auto 0
2024-06-05T20:25:00.6051281Z ##[endgroup]
2024-06-05T20:25:00.6053007Z ##[group]Setting up auth
2024-06-05T20:25:00.6060525Z [command]/usr/bin/git config --local --name-only --get-regexp core\.sshCommand
2024-06-05T20:25:00.6101564Z [command]/usr/bin/git submodule foreach --recursive sh -c "git config --local --name-only --get-regexp 'core\.sshCommand' && git config --local --unset-all 'core.sshCommand' || :"
2024-06-05T20:25:00.6427986Z [command]/usr/bin/git config --local --name-only --get-regexp http\.https\:\/\/github\.com\/\.extraheader
2024-06-05T20:25:00.6468718Z [command]/usr/bin/git submodule foreach --recursive sh -c "git config --local --name-only --get-regexp 'http\.https\:\/\/github\.com\/\.extraheader' && git config --local --unset-all 'http.https://github.com/.extraheader' || :"
2024-06-05T20:25:00.6735787Z [command]/usr/bin/git config --local http.https://github.com/.extraheader AUTHORIZATION: basic ***
2024-06-05T20:25:00.6785263Z ##[endgroup]
2024-06-05T20:25:00.6786668Z ##[group]Fetching the repository
2024-06-05T20:25:00.6796353Z [command]/usr/bin/git -c protocol.version=2 fetch --no-tags --prune --progress --no-recurse-submodules --depth=1 origin +1f450eed2c4b0c965eebdcd9aed7e45e6895074f:refs/remotes/origin/main
2024-06-05T20:25:00.9509843Z remote: Enumerating objects: 21, done.        
2024-06-05T20:25:00.9513758Z remote: Counting objects:   4% (1/21)        
2024-06-05T20:25:00.9515776Z remote: Counting objects:   9% (2/21)        
2024-06-05T20:25:00.9516980Z remote: Counting objects:  14% (3/21)        
2024-06-05T20:25:00.9517842Z remote: Counting objects:  19% (4/21)        
2024-06-05T20:25:00.9518723Z remote: Counting objects:  23% (5/21)        
2024-06-05T20:25:00.9519738Z remote: Counting objects:  28% (6/21)        
2024-06-05T20:25:00.9520437Z remote: Counting objects:  33% (7/21)        
2024-06-05T20:25:00.9521194Z remote: Counting objects:  38% (8/21)        
2024-06-05T20:25:00.9521836Z remote: Counting objects:  42% (9/21)        
2024-06-05T20:25:00.9522511Z remote: Counting objects:  47% (10/21)        
2024-06-05T20:25:00.9523277Z remote: Counting objects:  52% (11/21)        
2024-06-05T20:25:00.9523974Z remote: Counting objects:  57% (12/21)        
2024-06-05T20:25:00.9524665Z remote: Counting objects:  61% (13/21)        
2024-06-05T20:25:00.9525418Z remote: Counting objects:  66% (14/21)        
2024-06-05T20:25:00.9526113Z remote: Counting objects:  71% (15/21)        
2024-06-05T20:25:00.9526795Z remote: Counting objects:  76% (16/21)        
2024-06-05T20:25:00.9527527Z remote: Counting objects:  80% (17/21)        
2024-06-05T20:25:00.9528221Z remote: Counting objects:  85% (18/21)        
2024-06-05T20:25:00.9528954Z remote: Counting objects:  90% (19/21)        
2024-06-05T20:25:00.9529613Z remote: Counting objects:  95% (20/21)        
2024-06-05T20:25:00.9530279Z remote: Counting objects: 100% (21/21)        
2024-06-05T20:25:00.9531041Z remote: Counting objects: 100% (21/21), done.        
2024-06-05T20:25:00.9531803Z remote: Compressing objects:   5% (1/17)        
2024-06-05T20:25:00.9532519Z remote: Compressing objects:  11% (2/17)        
2024-06-05T20:25:00.9533310Z remote: Compressing objects:  17% (3/17)        
2024-06-05T20:25:00.9534045Z remote: Compressing objects:  23% (4/17)        
2024-06-05T20:25:00.9534813Z remote: Compressing objects:  29% (5/17)        
2024-06-05T20:25:00.9535473Z remote: Compressing objects:  35% (6/17)        
2024-06-05T20:25:00.9536185Z remote: Compressing objects:  41% (7/17)        
2024-06-05T20:25:00.9537309Z remote: Compressing objects:  47% (8/17)        
2024-06-05T20:25:00.9538558Z remote: Compressing objects:  52% (9/17)        
2024-06-05T20:25:00.9539295Z remote: Compressing objects:  58% (10/17)        
2024-06-05T20:25:00.9540281Z remote: Compressing objects:  64% (11/17)        
2024-06-05T20:25:00.9541012Z remote: Compressing objects:  70% (12/17)        
2024-06-05T20:25:00.9541707Z remote: Compressing objects:  76% (13/17)        
2024-06-05T20:25:00.9542516Z remote: Compressing objects:  82% (14/17)        
2024-06-05T20:25:00.9543210Z remote: Compressing objects:  88% (15/17)        
2024-06-05T20:25:00.9543998Z remote: Compressing objects:  94% (16/17)        
2024-06-05T20:25:00.9544697Z remote: Compressing objects: 100% (17/17)        
2024-06-05T20:25:00.9545443Z remote: Compressing objects: 100% (17/17), done.        
2024-06-05T20:25:00.9711970Z remote: Total 21 (delta 3), reused 19 (delta 3), pack-reused 0        
2024-06-05T20:25:00.9780032Z From https://github.com/jordanblake-dev/automation-scripts
2024-06-05T20:25:00.9781832Z  * [new ref]         1f450eed2c4b0c965eebdcd9aed7e45e6895074f -> origin/main
2024-06-05T20:25:00.9805873Z ##[endgroup]
2024-06-05T20:25:00.9807489Z ##[group]Determining the checkout info
2024-06-05T20:25:00.9809265Z ##[endgroup]
2024-06-05T20:25:00.9810630Z ##[group]Checking out the ref
2024-06-05T20:25:00.9815087Z [command]/usr/bin/git checkout --progress --force -B main refs/remotes/origin/main
2024-06-05T20:25:00.9883578Z Switched to a new branch 'main'
2024-06-05T20:25:00.9887146Z branch 'main' set up to track 'origin/main'.
2024-06-05T20:25:00.9892465Z ##[endgroup]
2024-06-05T20:25:00.9946048Z [command]/usr/bin/git log -1 --format='%H'
2024-06-05T20:25:00.9982070Z '1f450eed2c4b0c965eebdcd9aed7e45e6895074f'
2024-06-05T20:25:01.0345737Z ##[group]Run actions/setup-python@v2
2024-06-05T20:25:01.0346557Z with:
2024-06-05T20:25:01.0346974Z   python-version: 3.x
2024-06-05T20:25:01.0348069Z   token: ***
2024-06-05T20:25:01.0348649Z ##[endgroup]
2024-06-05T20:25:01.1636998Z Successfully setup CPython (3.12.3)
2024-06-05T20:25:01.1770012Z ##[group]Run pip install openai PyGithub
2024-06-05T20:25:01.1770744Z [36;1mpip install openai PyGithub[0m
2024-06-05T20:25:01.1848251Z shell: /usr/bin/bash -e {0}
2024-06-05T20:25:01.1848755Z env:
2024-06-05T20:25:01.1849360Z   pythonLocation: /opt/hostedtoolcache/Python/3.12.3/x64
2024-06-05T20:25:01.1850136Z   LD_LIBRARY_PATH: /opt/hostedtoolcache/Python/3.12.3/x64/lib
2024-06-05T20:25:01.1850756Z ##[endgroup]
2024-06-05T20:25:01.9579254Z Collecting openai
2024-06-05T20:25:02.0289932Z   Downloading openai-1.31.1-py3-none-any.whl.metadata (21 kB)
2024-06-05T20:25:02.0830130Z Collecting PyGithub
2024-06-05T20:25:02.0971567Z   Downloading PyGithub-2.3.0-py3-none-any.whl.metadata (3.8 kB)
2024-06-05T20:25:02.1414986Z Collecting anyio<5,>=3.5.0 (from openai)
2024-06-05T20:25:02.1556856Z   Downloading anyio-4.4.0-py3-none-any.whl.metadata (4.6 kB)
2024-06-05T20:25:02.1760730Z Collecting distro<2,>=1.7.0 (from openai)
2024-06-05T20:25:02.1907427Z   Downloading distro-1.9.0-py3-none-any.whl.metadata (6.8 kB)
2024-06-05T20:25:02.2316592Z Collecting httpx<1,>=0.23.0 (from openai)
2024-06-05T20:25:02.2460239Z   Downloading httpx-0.27.0-py3-none-any.whl.metadata (7.2 kB)
2024-06-05T20:25:02.3911396Z Collecting pydantic<3,>=1.9.0 (from openai)
2024-06-05T20:25:02.4053046Z   Downloading pydantic-2.7.3-py3-none-any.whl.metadata (108 kB)
2024-06-05T20:25:02.4263808Z      â”â”â”â”â”â”â”â”â”â”â”â”â”â”â”â”â”â”â”â”â”â”â”â”â”â”â”â”â”â”â”â”â”â”â”â”â”â”â” 109.0/109.0 kB 5.6 MB/s eta 0:00:00
2024-06-05T20:25:02.4459559Z Collecting sniffio (from openai)
2024-06-05T20:25:02.4598928Z   Downloading sniffio-1.3.1-py3-none-any.whl.metadata (3.9 kB)
2024-06-05T20:25:02.5292751Z Collecting tqdm>4 (from openai)
2024-06-05T20:25:02.5433939Z   Downloading tqdm-4.66.4-py3-none-any.whl.metadata (57 kB)
2024-06-05T20:25:02.5482242Z      â”â”â”â”â”â”â”â”â”â”â”â”â”â”â”â”â”â”â”â”â”â”â”â”â”â”â”â”â”â”â”â”â”â”â”â”â”â”â”â” 57.6/57.6 kB 18.3 MB/s eta 0:00:00
2024-06-05T20:25:02.5803667Z Collecting typing-extensions<5,>=4.7 (from openai)
2024-06-05T20:25:02.5943567Z   Downloading typing_extensions-4.12.1-py3-none-any.whl.metadata (3.0 kB)
2024-06-05T20:25:02.6289140Z Collecting pynacl>=1.4.0 (from PyGithub)
2024-06-05T20:25:02.6431479Z   Downloading PyNaCl-1.5.0-cp36-abi3-manylinux_2_17_x86_64.manylinux2014_x86_64.manylinux_2_24_x86_64.whl.metadata (8.6 kB)
2024-06-05T20:25:02.6900585Z Collecting requests>=2.14.0 (from PyGithub)
2024-06-05T20:25:02.7039938Z   Downloading requests-2.32.3-py3-none-any.whl.metadata (4.6 kB)
2024-06-05T20:25:02.7327939Z Collecting pyjwt>=2.4.0 (from pyjwt[crypto]>=2.4.0->PyGithub)
2024-06-05T20:25:02.7466259Z   Downloading PyJWT-2.8.0-py3-none-any.whl.metadata (4.2 kB)
2024-06-05T20:25:02.8045602Z Collecting urllib3>=1.26.0 (from PyGithub)
2024-06-05T20:25:02.8189575Z   Downloading urllib3-2.2.1-py3-none-any.whl.metadata (6.4 kB)
2024-06-05T20:25:02.8454676Z Collecting Deprecated (from PyGithub)
2024-06-05T20:25:02.8594107Z   Downloading Deprecated-1.2.14-py2.py3-none-any.whl.metadata (5.4 kB)
2024-06-05T20:25:02.8976802Z Collecting idna>=2.8 (from anyio<5,>=3.5.0->openai)
2024-06-05T20:25:02.9115686Z   Downloading idna-3.7-py3-none-any.whl.metadata (9.9 kB)
2024-06-05T20:25:02.9508165Z Collecting certifi (from httpx<1,>=0.23.0->openai)
2024-06-05T20:25:02.9645278Z   Downloading certifi-2024.6.2-py3-none-any.whl.metadata (2.2 kB)
2024-06-05T20:25:02.9990513Z Collecting httpcore==1.* (from httpx<1,>=0.23.0->openai)
2024-06-05T20:25:03.0131357Z   Downloading httpcore-1.0.5-py3-none-any.whl.metadata (20 kB)
2024-06-05T20:25:03.0388577Z Collecting h11<0.15,>=0.13 (from httpcore==1.*->httpx<1,>=0.23.0->openai)
2024-06-05T20:25:03.0525924Z   Downloading h11-0.14.0-py3-none-any.whl.metadata (8.2 kB)
2024-06-05T20:25:03.0764740Z Collecting annotated-types>=0.4.0 (from pydantic<3,>=1.9.0->openai)
2024-06-05T20:25:03.0903558Z   Downloading annotated_types-0.7.0-py3-none-any.whl.metadata (15 kB)
2024-06-05T20:25:03.7091436Z Collecting pydantic-core==2.18.4 (from pydantic<3,>=1.9.0->openai)
2024-06-05T20:25:03.7233954Z   Downloading pydantic_core-2.18.4-cp312-cp312-manylinux_2_17_x86_64.manylinux2014_x86_64.whl.metadata (6.5 kB)
2024-06-05T20:25:03.9791659Z Collecting cryptography>=3.4.0 (from pyjwt[crypto]>=2.4.0->PyGithub)
2024-06-05T20:25:03.9930752Z   Downloading cryptography-42.0.8-cp39-abi3-manylinux_2_28_x86_64.whl.metadata (5.3 kB)
2024-06-05T20:25:04.1205645Z Collecting cffi>=1.4.1 (from pynacl>=1.4.0->PyGithub)
2024-06-05T20:25:04.1346055Z   Downloading cffi-1.16.0-cp312-cp312-manylinux_2_17_x86_64.manylinux2014_x86_64.whl.metadata (1.5 kB)
2024-06-05T20:25:04.2592715Z Collecting charset-normalizer<4,>=2 (from requests>=2.14.0->PyGithub)
2024-06-05T20:25:04.2736076Z   Downloading charset_normalizer-3.3.2-cp312-cp312-manylinux_2_17_x86_64.manylinux2014_x86_64.whl.metadata (33 kB)
2024-06-05T20:25:04.4180324Z Collecting wrapt<2,>=1.10 (from Deprecated->PyGithub)
2024-06-05T20:25:04.4323897Z   Downloading wrapt-1.16.0-cp312-cp312-manylinux_2_5_x86_64.manylinux1_x86_64.manylinux_2_17_x86_64.manylinux2014_x86_64.whl.metadata (6.6 kB)
2024-06-05T20:25:04.4675662Z Collecting pycparser (from cffi>=1.4.1->pynacl>=1.4.0->PyGithub)
2024-06-05T20:25:04.4816270Z   Downloading pycparser-2.22-py3-none-any.whl.metadata (943 bytes)
2024-06-05T20:25:04.5467843Z Downloading openai-1.31.1-py3-none-any.whl (324 kB)
2024-06-05T20:25:04.5675361Z    â”â”â”â”â”â”â”â”â”â”â”â”â”â”â”â”â”â”â”â”â”â”â”â”â”â”â”â”â”â”â”â”â”â”â”â”â”â”â”â” 324.1/324.1 kB 17.0 MB/s eta 0:00:00
2024-06-05T20:25:04.5815843Z Downloading PyGithub-2.3.0-py3-none-any.whl (354 kB)
2024-06-05T20:25:04.5892492Z    â”â”â”â”â”â”â”â”â”â”â”â”â”â”â”â”â”â”â”â”â”â”â”â”â”â”â”â”â”â”â”â”â”â”â”â”â”â”â”â” 354.4/354.4 kB 63.1 MB/s eta 0:00:00
2024-06-05T20:25:04.6032150Z Downloading anyio-4.4.0-py3-none-any.whl (86 kB)
2024-06-05T20:25:04.6079929Z    â”â”â”â”â”â”â”â”â”â”â”â”â”â”â”â”â”â”â”â”â”â”â”â”â”â”â”â”â”â”â”â”â”â”â”â”â”â”â”â” 86.8/86.8 kB 28.4 MB/s eta 0:00:00
2024-06-05T20:25:04.6216772Z Downloading distro-1.9.0-py3-none-any.whl (20 kB)
2024-06-05T20:25:04.6378825Z Downloading httpx-0.27.0-py3-none-any.whl (75 kB)
2024-06-05T20:25:04.6427923Z    â”â”â”â”â”â”â”â”â”â”â”â”â”â”â”â”â”â”â”â”â”â”â”â”â”â”â”â”â”â”â”â”â”â”â”â”â”â”â”â” 75.6/75.6 kB 23.1 MB/s eta 0:00:00
2024-06-05T20:25:04.6567172Z Downloading httpcore-1.0.5-py3-none-any.whl (77 kB)
2024-06-05T20:25:04.6613202Z    â”â”â”â”â”â”â”â”â”â”â”â”â”â”â”â”â”â”â”â”â”â”â”â”â”â”â”â”â”â”â”â”â”â”â”â”â”â”â”â” 77.9/77.9 kB 26.1 MB/s eta 0:00:00
2024-06-05T20:25:04.6756571Z Downloading pydantic-2.7.3-py3-none-any.whl (409 kB)
2024-06-05T20:25:04.6834735Z    â”â”â”â”â”â”â”â”â”â”â”â”â”â”â”â”â”â”â”â”â”â”â”â”â”â”â”â”â”â”â”â”â”â”â”â”â”â”â”â” 409.6/409.6 kB 71.7 MB/s eta 0:00:00
2024-06-05T20:25:04.6976265Z Downloading pydantic_core-2.18.4-cp312-cp312-manylinux_2_17_x86_64.manylinux2014_x86_64.whl (2.1 MB)
2024-06-05T20:25:04.7268921Z    â”â”â”â”â”â”â”â”â”â”â”â”â”â”â”â”â”â”â”â”â”â”â”â”â”â”â”â”â”â”â”â”â”â”â”â”â”â”â”â” 2.1/2.1 MB 76.9 MB/s eta 0:00:00
2024-06-05T20:25:04.7409324Z Downloading PyJWT-2.8.0-py3-none-any.whl (22 kB)
2024-06-05T20:25:04.7572932Z Downloading PyNaCl-1.5.0-cp36-abi3-manylinux_2_17_x86_64.manylinux2014_x86_64.manylinux_2_24_x86_64.whl (856 kB)
2024-06-05T20:25:04.7688589Z    â”â”â”â”â”â”â”â”â”â”â”â”â”â”â”â”â”â”â”â”â”â”â”â”â”â”â”â”â”â”â”â”â”â”â”â”â”â”â”â” 856.7/856.7 kB 91.0 MB/s eta 0:00:00
2024-06-05T20:25:04.7827834Z Downloading requests-2.32.3-py3-none-any.whl (64 kB)
2024-06-05T20:25:04.7874392Z    â”â”â”â”â”â”â”â”â”â”â”â”â”â”â”â”â”â”â”â”â”â”â”â”â”â”â”â”â”â”â”â”â”â”â”â”â”â”â”â” 64.9/64.9 kB 22.7 MB/s eta 0:00:00
2024-06-05T20:25:04.8011738Z Downloading sniffio-1.3.1-py3-none-any.whl (10 kB)
2024-06-05T20:25:04.8174516Z Downloading tqdm-4.66.4-py3-none-any.whl (78 kB)
2024-06-05T20:25:04.8221350Z    â”â”â”â”â”â”â”â”â”â”â”â”â”â”â”â”â”â”â”â”â”â”â”â”â”â”â”â”â”â”â”â”â”â”â”â”â”â”â”â” 78.3/78.3 kB 27.5 MB/s eta 0:00:00
2024-06-05T20:25:04.8364344Z Downloading typing_extensions-4.12.1-py3-none-any.whl (37 kB)
2024-06-05T20:25:04.8530546Z Downloading urllib3-2.2.1-py3-none-any.whl (121 kB)
2024-06-05T20:25:04.8582041Z    â”â”â”â”â”â”â”â”â”â”â”â”â”â”â”â”â”â”â”â”â”â”â”â”â”â”â”â”â”â”â”â”â”â”â”â”â”â”â”â” 121.1/121.1 kB 37.6 MB/s eta 0:00:00
2024-06-05T20:25:04.8720743Z Downloading Deprecated-1.2.14-py2.py3-none-any.whl (9.6 kB)
2024-06-05T20:25:04.8880120Z Downloading annotated_types-0.7.0-py3-none-any.whl (13 kB)
2024-06-05T20:25:04.9040728Z Downloading certifi-2024.6.2-py3-none-any.whl (164 kB)
2024-06-05T20:25:04.9098569Z    â”â”â”â”â”â”â”â”â”â”â”â”â”â”â”â”â”â”â”â”â”â”â”â”â”â”â”â”â”â”â”â”â”â”â”â”â”â”â”â” 164.4/164.4 kB 45.6 MB/s eta 0:00:00
2024-06-05T20:25:04.9240843Z Downloading cffi-1.16.0-cp312-cp312-manylinux_2_17_x86_64.manylinux2014_x86_64.whl (477 kB)
2024-06-05T20:25:04.9316937Z    â”â”â”â”â”â”â”â”â”â”â”â”â”â”â”â”â”â”â”â”â”â”â”â”â”â”â”â”â”â”â”â”â”â”â”â”â”â”â”â” 477.6/477.6 kB 83.8 MB/s eta 0:00:00
2024-06-05T20:25:04.9456944Z Downloading charset_normalizer-3.3.2-cp312-cp312-manylinux_2_17_x86_64.manylinux2014_x86_64.whl (141 kB)
2024-06-05T20:25:04.9508580Z    â”â”â”â”â”â”â”â”â”â”â”â”â”â”â”â”â”â”â”â”â”â”â”â”â”â”â”â”â”â”â”â”â”â”â”â”â”â”â”â” 141.9/141.9 kB 44.0 MB/s eta 0:00:00
2024-06-05T20:25:04.9646005Z Downloading cryptography-42.0.8-cp39-abi3-manylinux_2_28_x86_64.whl (3.9 MB)
2024-06-05T20:25:05.0006616Z    â”â”â”â”â”â”â”â”â”â”â”â”â”â”â”â”â”â”â”â”â”â”â”â”â”â”â”â”â”â”â”â”â”â”â”â”â”â”â”â” 3.9/3.9 MB 113.5 MB/s eta 0:00:00
2024-06-05T20:25:05.0146530Z Downloading idna-3.7-py3-none-any.whl (66 kB)
2024-06-05T20:25:05.0194692Z    â”â”â”â”â”â”â”â”â”â”â”â”â”â”â”â”â”â”â”â”â”â”â”â”â”â”â”â”â”â”â”â”â”â”â”â”â”â”â”â” 66.8/66.8 kB 21.4 MB/s eta 0:00:00
2024-06-05T20:25:05.0335504Z Downloading wrapt-1.16.0-cp312-cp312-manylinux_2_5_x86_64.manylinux1_x86_64.manylinux_2_17_x86_64.manylinux2014_x86_64.whl (87 kB)
2024-06-05T20:25:05.0387288Z    â”â”â”â”â”â”â”â”â”â”â”â”â”â”â”â”â”â”â”â”â”â”â”â”â”â”â”â”â”â”â”â”â”â”â”â”â”â”â”â” 87.3/87.3 kB 26.1 MB/s eta 0:00:00
2024-06-05T20:25:05.0526606Z Downloading h11-0.14.0-py3-none-any.whl (58 kB)
2024-06-05T20:25:05.0575748Z    â”â”â”â”â”â”â”â”â”â”â”â”â”â”â”â”â”â”â”â”â”â”â”â”â”â”â”â”â”â”â”â”â”â”â”â”â”â”â”â” 58.3/58.3 kB 18.0 MB/s eta 0:00:00
2024-06-05T20:25:05.0716597Z Downloading pycparser-2.22-py3-none-any.whl (117 kB)
2024-06-05T20:25:05.0768079Z    â”â”â”â”â”â”â”â”â”â”â”â”â”â”â”â”â”â”â”â”â”â”â”â”â”â”â”â”â”â”â”â”â”â”â”â”â”â”â”â” 117.6/117.6 kB 35.4 MB/s eta 0:00:00
2024-06-05T20:25:05.2335162Z Installing collected packages: wrapt, urllib3, typing-extensions, tqdm, sniffio, pyjwt, pycparser, idna, h11, distro, charset-normalizer, certifi, annotated-types, requests, pydantic-core, httpcore, Deprecated, cffi, anyio, pynacl, pydantic, httpx, cryptography, openai, PyGithub
2024-06-05T20:25:07.3674433Z Successfully installed Deprecated-1.2.14 PyGithub-2.3.0 annotated-types-0.7.0 anyio-4.4.0 certifi-2024.6.2 cffi-1.16.0 charset-normalizer-3.3.2 cryptography-42.0.8 distro-1.9.0 h11-0.14.0 httpcore-1.0.5 httpx-0.27.0 idna-3.7 openai-1.31.1 pycparser-2.22 pydantic-2.7.3 pydantic-core-2.18.4 pyjwt-2.8.0 pynacl-1.5.0 requests-2.32.3 sniffio-1.3.1 tqdm-4.66.4 typing-extensions-4.12.1 urllib3-2.2.1 wrapt-1.16.0
2024-06-05T20:25:07.7924107Z ##[group]Run python generate_and_push_code.py
2024-06-05T20:25:07.7924829Z [36;1mpython generate_and_push_code.py[0m
2024-06-05T20:25:07.7984982Z shell: /usr/bin/bash -e {0}
2024-06-05T20:25:07.7985408Z env:
2024-06-05T20:25:07.7985838Z   pythonLocation: /opt/hostedtoolcache/Python/3.12.3/x64
2024-06-05T20:25:07.7986581Z   LD_LIBRARY_PATH: /opt/hostedtoolcache/Python/3.12.3/x64/lib
2024-06-05T20:25:07.7987866Z   OPENAI_API_KEY: ***
2024-06-05T20:25:07.7988608Z   MY_GITHUB_TOKEN: ***
2024-06-05T20:25:07.7989069Z   BOT_EMAIL: ***
2024-06-05T20:25:07.7989492Z   BOT_EMAIL_PASSWORD: ***
2024-06-05T20:25:07.7990017Z ##[endgroup]
2024-06-05T20:25:07.8171185Z   File "/home/runner/work/automation-scripts/automation-scripts/generate_and_push_code.py", line 14
2024-06-05T20:25:07.8172388Z     openai.api_key = os.getenv('OPENAI_API_KEY')
2024-06-05T20:25:07.8173179Z     ^
2024-06-05T20:25:07.8173906Z IndentationError: expected an indented block after function definition on line 10
2024-06-05T20:25:07.8208233Z ##[error]Process completed with exit code 1.
2024-06-05T20:25:07.8296710Z Post job cleanup.
2024-06-05T20:25:07.9314355Z [command]/usr/bin/git version
2024-06-05T20:25:07.9365483Z git version 2.45.1
2024-06-05T20:25:07.9411272Z Temporarily overriding HOME='/home/runner/work/_temp/fa510d3f-3199-46e4-8515-3f4715744d99' before making global git config changes
2024-06-05T20:25:07.9413301Z Adding repository directory to the temporary git global config as a safe directory
2024-06-05T20:25:07.9417487Z [command]/usr/bin/git config --global --add safe.directory /home/runner/work/automation-scripts/automation-scripts
2024-06-05T20:25:07.9461615Z [command]/usr/bin/git config --local --name-only --get-regexp core\.sshCommand
2024-06-05T20:25:07.9502105Z [command]/usr/bin/git submodule foreach --recursive sh -c "git config --local --name-only --get-regexp 'core\.sshCommand' && git config --local --unset-all 'core.sshCommand' || :"
2024-06-05T20:25:07.9764133Z [command]/usr/bin/git config --local --name-only --get-regexp http\.https\:\/\/github\.com\/\.extraheader
2024-06-05T20:25:07.9799767Z http.https://github.com/.extraheader
2024-06-05T20:25:07.9809374Z [command]/usr/bin/git config --local --unset-all http.https://github.com/.extraheader
2024-06-05T20:25:07.9849228Z [command]/usr/bin/git submodule foreach --recursive sh -c "git config --local --name-only --get-regexp 'http\.https\:\/\/github\.com\/\.extraheader' && git config --local --unset-all 'http.https://github.com/.extraheader' || :"
2024-06-05T20:25:08.0376459Z Cleaning up orphan processes
